// Jest Snapshot v1, https://goo.gl/fbAQLP

exports[`components/integrations/InstalledIncomingWebhook should match snapshot 1`] = `
<DocumentFragment>
  <div
    class="backstage-list__item"
  >
    <div
      class="item-details"
    >
      <div
        class="item-details__row d-flex flex-column flex-md-row justify-content-between"
      >
        <strong
          class="item-details__name"
        >
          build
        </strong>
        <div
          class="item-actions"
        >
          <a>
            Edit
          </a>
           - 
          <button
            class="color--link style--none"
          >
            Delete
          </button>
        </div>
      </div>
      <div
        class="item-details__row"
      >
        <span
          class="item-details__description"
        >
          build status
        </span>
      </div>
      <div
        class="item-details__row"
      >
        <span
          class="item-details__url word-break--all"
        >
          URL: http://localhost:8065/hooks/9w96t4nhbfdiij64wfqors4i1r
          <a
            class="fa fa-copy ml-2"
            data-testid="copyText"
            href="#"
          />
        </span>
      </div>
      <div
        class="item-details__row"
      >
        <span
          class="item-details__channel_name word-break--all"
        >
          Channel: name
          <a
            class="fa fa-copy ml-2"
            data-testid="copyText"
            href="#"
          />
        </span>
      </div>
      <div
        class="item-details__row"
      >
        <span
          class="item-details__creation"
        >
          Created by creator on Friday, August 11, 2017
        </span>
      </div>
    </div>
  </div>
</DocumentFragment>
`;
